// Jest Snapshot v1, https://goo.gl/fbAQLP

exports[`cannot search with invalid entries 1`] = `
<div
  className="form-section not-printable"
>
  <h2
    style={
      Object {
        "fontWeight": "bold",
      }
    }
  >
    Appeal Case Information
  </h2>
  Enter the Court of Appeal number you want to respond to:
  <table>
    <tbody>
      <tr>
        <td>
          LEVEL OF COURT
        </td>
        <td>
          COURT OF APPEAL FILE NO.
        </td>
        <td>
           
        </td>
      </tr>
      <tr>
        <td>
          <input
            disabled={true}
            value="Court of Appeal"
          />
        </td>
        <td>
          <input
            autoFocus={true}
            id="file-no"
            name="number.form-seven"
            onChange={[Function]}
            onKeyPress={[Function]}
            value=""
          />
        </td>
        <td>
          <div
            style={
              Object {
                "display": "inline-block",
              }
            }
          >
            <button
              className="btn btn-primary round-borders action-button undefined"
              disabled={true}
              id="find-button"
              onClick={[Function]}
              style={
                Object {
                  "width": "52px",
                }
              }
            >
              Find
            </button>
          </div>
        </td>
        <td>
          <div
            className="error-message"
          />
        </td>
      </tr>
    </tbody>
  </table>
</div>
`;

exports[`valid entries 1`] = `
<div
  className="form-section not-printable"
>
  <h2
    style={
      Object {
        "fontWeight": "bold",
      }
    }
  >
    Appeal Case Information
  </h2>
  Enter the Court of Appeal number you want to respond to:
  <table>
    <tbody>
      <tr>
        <td>
          LEVEL OF COURT
        </td>
        <td>
          COURT OF APPEAL FILE NO.
        </td>
        <td>
           
        </td>
      </tr>
      <tr>
        <td>
          <input
            disabled={true}
            value="Court of Appeal"
          />
        </td>
        <td>
          <input
            autoFocus={true}
            id="file-no"
            name="number.form-seven"
            onChange={[Function]}
            onKeyPress={[Function]}
            value=""
          />
        </td>
        <td>
          <div
            style={
              Object {
                "display": "inline-block",
              }
            }
          >
            <button
              className="btn btn-primary round-borders action-button undefined"
              disabled={true}
              id="find-button"
              onClick={[Function]}
              style={
                Object {
                  "width": "52px",
                }
              }
            >
              Find
            </button>
          </div>
        </td>
        <td>
          <div
            className="error-message"
          />
        </td>
      </tr>
    </tbody>
  </table>
</div>
`;
